Component: ARM Compiler 5.06 update 6 (build 750) Tool: armlink [4d35ed]

==============================================================================

Small function inlining results

Inlined function __aeabi_idiv0 from aeabi_idiv0.o at offset 0x154 in aeabi_sdiv.o(.text).
Inlined Instruction: BX       lr
Inlined function __aeabi_idiv0 from aeabi_idiv0.o at offset 0x154 in aeabi_sdiv_div0.o(.text).
Inlined Instruction: BX       lr
Inlined function _platform_pre_stackheap_init from boardinit1.o at offset 0x0 in __rtentry2.o(.ARM.Collect$$rtentry$$00000001).
Inlined Instruction: BX       lr
Inlined function _fp_init from fpinit.o at offset 0x0 in libinit2.o(.ARM.Collect$$libinit$$00000001).
Inlined Instruction: BX       lr
Inlined function _platform_pre_lib_shutdown from boardshut.o at offset 0x0 in rtexit2.o(.ARM.Collect$$rtexit$$00000001).
Inlined Instruction: BX       lr
Inlined function __ARM_get_argv from no_argv.o at offset 0x2 in argv_veneer.o(.text).
Inlined Instruction: BX       lr
Inlined total of 6 calls.

==============================================================================

Memory Map of the image

  Image Entry point : 0x00000165

  Load Region LR_1 (Base: 0x00000000, Size: 0x00001918, Max: 0xffffffff, ABSOLUTE)

    Execution Region ER_RO (Exec base: 0x00000000, Load base: 0x00000000, Size: 0x000018d0, Max: 0xffffffff, ABSOLUTE)

    Exec Addr    Load Addr    Size         Type   Attr      Idx    E Section Name        Object

    0x00000000   0x00000000   0x000000c0   Data   RO           55    RESET               startup_nuc1xx.o
    0x000000c0   0x000000c0   0x00000008   Code   RO          866  * !!!main             c_p.l(__main.o)
    0x000000c8   0x000000c8   0x0000003c   Code   RO         1035    !!!scatter          c_p.l(__scatter.o)
    0x00000104   0x00000104   0x0000001a   Code   RO         1037    !!handler_copy      c_p.l(__scatter_copy.o)
    0x0000011e   0x0000011e   0x00000002   PAD
    0x00000120   0x00000120   0x0000001c   Code   RO         1039    !!handler_zi        c_p.l(__scatter_zi.o)
    0x0000013c   0x0000013c   0x00000002   Code   RO          904    .ARM.Collect$$libinit$$00000000  c_p.l(libinit.o)
    0x0000013e   0x0000013e   0x00000000   Code   RO          918    .ARM.Collect$$libinit$$00000002  c_p.l(libinit2.o)
    0x0000013e   0x0000013e   0x00000000   Code   RO          920    .ARM.Collect$$libinit$$00000004  c_p.l(libinit2.o)
    0x0000013e   0x0000013e   0x00000000   Code   RO          923    .ARM.Collect$$libinit$$0000000A  c_p.l(libinit2.o)
    0x0000013e   0x0000013e   0x00000000   Code   RO          925    .ARM.Collect$$libinit$$0000000C  c_p.l(libinit2.o)
    0x0000013e   0x0000013e   0x00000000   Code   RO          927    .ARM.Collect$$libinit$$0000000E  c_p.l(libinit2.o)
    0x0000013e   0x0000013e   0x00000000   Code   RO          930    .ARM.Collect$$libinit$$00000011  c_p.l(libinit2.o)
    0x0000013e   0x0000013e   0x00000000   Code   RO          932    .ARM.Collect$$libinit$$00000013  c_p.l(libinit2.o)
    0x0000013e   0x0000013e   0x00000000   Code   RO          934    .ARM.Collect$$libinit$$00000015  c_p.l(libinit2.o)
    0x0000013e   0x0000013e   0x00000000   Code   RO          936    .ARM.Collect$$libinit$$00000017  c_p.l(libinit2.o)
    0x0000013e   0x0000013e   0x00000000   Code   RO          938    .ARM.Collect$$libinit$$00000019  c_p.l(libinit2.o)
    0x0000013e   0x0000013e   0x00000000   Code   RO          940    .ARM.Collect$$libinit$$0000001B  c_p.l(libinit2.o)
    0x0000013e   0x0000013e   0x00000000   Code   RO          942    .ARM.Collect$$libinit$$0000001D  c_p.l(libinit2.o)
    0x0000013e   0x0000013e   0x00000000   Code   RO          944    .ARM.Collect$$libinit$$0000001F  c_p.l(libinit2.o)
    0x0000013e   0x0000013e   0x00000000   Code   RO          946    .ARM.Collect$$libinit$$00000021  c_p.l(libinit2.o)
    0x0000013e   0x0000013e   0x00000000   Code   RO          948    .ARM.Collect$$libinit$$00000023  c_p.l(libinit2.o)
    0x0000013e   0x0000013e   0x00000000   Code   RO          950    .ARM.Collect$$libinit$$00000025  c_p.l(libinit2.o)
    0x0000013e   0x0000013e   0x00000000   Code   RO          954    .ARM.Collect$$libinit$$0000002C  c_p.l(libinit2.o)
    0x0000013e   0x0000013e   0x00000000   Code   RO          956    .ARM.Collect$$libinit$$0000002E  c_p.l(libinit2.o)
    0x0000013e   0x0000013e   0x00000000   Code   RO          958    .ARM.Collect$$libinit$$00000030  c_p.l(libinit2.o)
    0x0000013e   0x0000013e   0x00000000   Code   RO          960    .ARM.Collect$$libinit$$00000032  c_p.l(libinit2.o)
    0x0000013e   0x0000013e   0x00000002   Code   RO          961    .ARM.Collect$$libinit$$00000033  c_p.l(libinit2.o)
    0x00000140   0x00000140   0x00000002   Code   RO          992    .ARM.Collect$$libshutdown$$00000000  c_p.l(libshutdown.o)
    0x00000142   0x00000142   0x00000000   Code   RO         1018    .ARM.Collect$$libshutdown$$00000002  c_p.l(libshutdown2.o)
    0x00000142   0x00000142   0x00000000   Code   RO         1020    .ARM.Collect$$libshutdown$$00000004  c_p.l(libshutdown2.o)
    0x00000142   0x00000142   0x00000000   Code   RO         1023    .ARM.Collect$$libshutdown$$00000007  c_p.l(libshutdown2.o)
    0x00000142   0x00000142   0x00000000   Code   RO         1026    .ARM.Collect$$libshutdown$$0000000A  c_p.l(libshutdown2.o)
    0x00000142   0x00000142   0x00000000   Code   RO         1028    .ARM.Collect$$libshutdown$$0000000C  c_p.l(libshutdown2.o)
    0x00000142   0x00000142   0x00000000   Code   RO         1031    .ARM.Collect$$libshutdown$$0000000F  c_p.l(libshutdown2.o)
    0x00000142   0x00000142   0x00000002   Code   RO         1032    .ARM.Collect$$libshutdown$$00000010  c_p.l(libshutdown2.o)
    0x00000144   0x00000144   0x00000000   Code   RO          868    .ARM.Collect$$rtentry$$00000000  c_p.l(__rtentry.o)
    0x00000144   0x00000144   0x00000000   Code   RO          874    .ARM.Collect$$rtentry$$00000002  c_p.l(__rtentry2.o)
    0x00000144   0x00000144   0x00000006   Code   RO          886    .ARM.Collect$$rtentry$$00000004  c_p.l(__rtentry4.o)
    0x0000014a   0x0000014a   0x00000000   Code   RO          876    .ARM.Collect$$rtentry$$00000009  c_p.l(__rtentry2.o)
    0x0000014a   0x0000014a   0x00000004   Code   RO          877    .ARM.Collect$$rtentry$$0000000A  c_p.l(__rtentry2.o)
    0x0000014e   0x0000014e   0x00000000   Code   RO          879    .ARM.Collect$$rtentry$$0000000C  c_p.l(__rtentry2.o)
    0x0000014e   0x0000014e   0x00000008   Code   RO          880    .ARM.Collect$$rtentry$$0000000D  c_p.l(__rtentry2.o)
    0x00000156   0x00000156   0x00000002   Code   RO          909    .ARM.Collect$$rtexit$$00000000  c_p.l(rtexit.o)
    0x00000158   0x00000158   0x00000000   Code   RO          965    .ARM.Collect$$rtexit$$00000002  c_p.l(rtexit2.o)
    0x00000158   0x00000158   0x00000004   Code   RO          966    .ARM.Collect$$rtexit$$00000003  c_p.l(rtexit2.o)
    0x0000015c   0x0000015c   0x00000006   Code   RO          967    .ARM.Collect$$rtexit$$00000004  c_p.l(rtexit2.o)
    0x00000162   0x00000162   0x00000002   PAD
    0x00000164   0x00000164   0x00000064   Code   RO           56  * .text               startup_nuc1xx.o
    0x000001c8   0x000001c8   0x0000015a   Code   RO          860    .text               c_p.l(aeabi_sdiv.o)
    0x00000322   0x00000322   0x00000006   Code   RO          864    .text               c_p.l(heapauxi.o)
    0x00000328   0x00000328   0x0000003e   Code   RO          890    .text               c_p.l(sys_stackheap_outer.o)
    0x00000366   0x00000366   0x00000010   Code   RO          893    .text               c_p.l(exit.o)
    0x00000376   0x00000376   0x00000002   PAD
    0x00000378   0x00000378   0x00000008   Code   RO          905    .text               c_p.l(libspace.o)
    0x00000380   0x00000380   0x0000000c   Code   RO          962    .text               c_p.l(sys_exit.o)
    0x0000038c   0x0000038c   0x00000002   Code   RO          981    .text               c_p.l(use_no_semi.o)
    0x0000038e   0x0000038e   0x00000000   Code   RO          983    .text               c_p.l(indicate_semi.o)
    0x0000038e   0x0000038e   0x00000002   PAD
    0x00000390   0x00000390   0x00000028   Code   RO          412    i.BOD_IRQHandler    drvsys.o
    0x000003b8   0x000003b8   0x000000d4   Code   RO          715    i.BaudRateCalculator  drvuart.o
    0x0000048c   0x0000048c   0x0000002c   Code   RO          165    i.DrvGPIO_ClrBit    drvgpio.o
    0x000004b8   0x000004b8   0x00000034   Code   RO          173    i.DrvGPIO_EnableDebounce  drvgpio.o
    0x000004ec   0x000004ec   0x000000f0   Code   RO          177    i.DrvGPIO_EnableInt  drvgpio.o
    0x000005dc   0x000005dc   0x00000758   Code   RO          187    i.DrvGPIO_InitFunction  drvgpio.o
    0x00000d34   0x00000d34   0x00000088   Code   RO          188    i.DrvGPIO_Open      drvgpio.o
    0x00000dbc   0x00000dbc   0x0000002c   Code   RO          189    i.DrvGPIO_SetBit    drvgpio.o
    0x00000de8   0x00000de8   0x00000040   Code   RO          191    i.DrvGPIO_SetDebounceTime  drvgpio.o
    0x00000e28   0x00000e28   0x00000014   Code   RO          192    i.DrvGPIO_SetIntCallback  drvgpio.o
    0x00000e3c   0x00000e3c   0x0000002c   Code   RO          415    i.DrvSYS_Delay      drvsys.o
    0x00000e68   0x00000e68   0x00000008   Code   RO          430    i.DrvSYS_GetExtClockFreq  drvsys.o
    0x00000e70   0x00000e70   0x00000078   Code   RO          432    i.DrvSYS_GetPLLClockFreq  drvsys.o
    0x00000ee8   0x00000ee8   0x00000100   Code   RO          720    i.DrvUART_EnableInt  drvuart.o
    0x00000fe8   0x00000fe8   0x00000268   Code   RO          725    i.DrvUART_Open      drvuart.o
    0x00001250   0x00001250   0x00000040   Code   RO          731    i.DrvUART_Write     drvuart.o
    0x00001290   0x00001290   0x00000024   Code   RO          195    i.EINT0_IRQHandler  drvgpio.o
    0x000012b4   0x000012b4   0x00000024   Code   RO          196    i.EINT1_IRQHandler  drvgpio.o
    0x000012d8   0x000012d8   0x00000044   Code   RO          197    i.GPAB_IRQHandler   drvgpio.o
    0x0000131c   0x0000131c   0x0000004c   Code   RO          198    i.GPCDE_IRQHandler  drvgpio.o
    0x00001368   0x00001368   0x0000002c   Code   RO           60    i.GPIOAB_INT_CallBack  main.o
    0x00001394   0x00001394   0x00000054   Code   RO           61    i.GPIOCDE_INT_CallBack  main.o
    0x000013e8   0x000013e8   0x00000048   Code   RO          732    i.GetUartClk        drvuart.o
    0x00001430   0x00001430   0x00000028   Code   RO           62    i.InitLed           main.o
    0x00001458   0x00001458   0x000000a4   Code   RO           63    i.InitPWM           main.o
    0x000014fc   0x000014fc   0x000000a8   Code   RO           64    i.InterruptConfig   main.o
    0x000015a4   0x000015a4   0x00000014   Code   RO          200    i.NVIC_EnableIRQ    drvgpio.o
    0x000015b8   0x000015b8   0x00000014   Code   RO          734    i.NVIC_EnableIRQ    drvuart.o
    0x000015cc   0x000015cc   0x00000078   Code   RO          201    i.NVIC_SetPriority  drvgpio.o
    0x00001644   0x00001644   0x00000028   Code   RO          460    i.PWRWU_IRQHandler  drvsys.o
    0x0000166c   0x0000166c   0x00000002   Code   RO           18    i.SystemInit        system_nuc1xx.o
    0x0000166e   0x0000166e   0x00000002   PAD
    0x00001670   0x00001670   0x0000003c   Code   RO          735    i.UART02_IRQHandler  drvuart.o
    0x000016ac   0x000016ac   0x00000020   Code   RO          736    i.UART1_IRQHandler  drvuart.o
    0x000016cc   0x000016cc   0x0000006c   Code   RO           65    i.UART_INT_HANDLE   main.o
    0x00001738   0x00001738   0x0000004c   Code   RO           66    i.UartConfig        main.o
    0x00001784   0x00001784   0x00000024   Code   RO           67    i.Uart_sendStr      main.o
    0x000017a8   0x000017a8   0x0000005c   Code   RO           68    i.Vibrate           main.o
    0x00001804   0x00001804   0x00000034   Code   RO           69    i.Vibrate1          main.o
    0x00001838   0x00001838   0x0000001c   Code   RO          394    i.__ARM_common_switch8  drvgpio.o
    0x00001854   0x00001854   0x0000004c   Code   RO           70    i.main              main.o
    0x000018a0   0x000018a0   0x00000010   Data   RO          461    .constdata          drvsys.o
    0x000018b0   0x000018b0   0x00000020   Data   RO         1033    Region$$Table       anon$$obj.o


    Execution Region ER_RW (Exec base: 0x20000000, Load base: 0x000018d0, Size: 0x00000048, Max: 0xffffffff, ABSOLUTE)

    Exec Addr    Load Addr    Size         Type   Attr      Idx    E Section Name        Object

    0x20000000   0x000018d0   0x0000001c   Data   RW           19    .data               system_nuc1xx.o
    0x2000001c   0x000018ec   0x00000008   Data   RW           71    .data               main.o
    0x20000024   0x000018f4   0x00000010   Data   RW          202    .data               drvgpio.o
    0x20000034   0x00001904   0x00000008   Data   RW          462    .data               drvsys.o
    0x2000003c   0x0000190c   0x0000000c   Data   RW          737    .data               drvuart.o


    Execution Region ER_ZI (Exec base: 0x20000048, Load base: 0x00001918, Size: 0x00000460, Max: 0xffffffff, ABSOLUTE)

    Exec Addr    Load Addr    Size         Type   Attr      Idx    E Section Name        Object

    0x20000048        -       0x00000060   Zero   RW          906    .bss                c_p.l(libspace.o)
    0x200000a8        -       0x00000000   Zero   RW           54    HEAP                startup_nuc1xx.o
    0x200000a8        -       0x00000400   Zero   RW           53    STACK               startup_nuc1xx.o


==============================================================================

Image component sizes


      Code (inc. data)   RO Data    RW Data    ZI Data      Debug   Object Name

         0          0          0          0          0       4540   core_cm0.o
      2864        200          0         16          0     139547   drvgpio.o
       252         40         16          8          0       5401   drvsys.o
      1332         84          0         12          0      16810   drvuart.o
       940         90          0          8          0       9201   main.o
       100         46        192          0       1024        724   startup_nuc1xx.o
         2          0          0         28          0       1290   system_nuc1xx.o

    ----------------------------------------------------------------------
      5492        460        240         72       1024     177513   Object Totals
         0          0         32          0          0          0   (incl. Generated)
         2          0          0          0          0          0   (incl. Padding)

    ----------------------------------------------------------------------

      Code (inc. data)   RO Data    RW Data    ZI Data      Debug   Library Member Name

         8          0          0          0          0         68   __main.o
         0          0          0          0          0          0   __rtentry.o
        12          0          0          0          0          0   __rtentry2.o
         6          0          0          0          0          0   __rtentry4.o
        60          8          0          0          0          0   __scatter.o
        26          0          0          0          0          0   __scatter_copy.o
        28          0          0          0          0          0   __scatter_zi.o
       346          0          0          0          0         92   aeabi_sdiv.o
        16          0          0          0          0         68   exit.o
         6          0          0          0          0        136   heapauxi.o
         0          0          0          0          0          0   indicate_semi.o
         2          0          0          0          0          0   libinit.o
         2          0          0          0          0          0   libinit2.o
         2          0          0          0          0          0   libshutdown.o
         2          0          0          0          0          0   libshutdown2.o
         8          4          0          0         96         68   libspace.o
         2          0          0          0          0          0   rtexit.o
        10          0          0          0          0          0   rtexit2.o
        12          4          0          0          0         60   sys_exit.o
        62          0          0          0          0         80   sys_stackheap_outer.o
         2          0          0          0          0         68   use_no_semi.o

    ----------------------------------------------------------------------
       620         16          0          0         96        640   Library Totals
         8          0          0          0          0          0   (incl. Padding)

    ----------------------------------------------------------------------

      Code (inc. data)   RO Data    RW Data    ZI Data      Debug   Library Name

       612         16          0          0         96        640   c_p.l

    ----------------------------------------------------------------------
       620         16          0          0         96        640   Library Totals

    ----------------------------------------------------------------------

==============================================================================


      Code (inc. data)   RO Data    RW Data    ZI Data      Debug   

      6112        476        240         72       1120     176425   Grand Totals
      6112        476        240         72       1120     176425   ELF Image Totals
      6112        476        240         72          0          0   ROM Totals

==============================================================================

    Total RO  Size (Code + RO Data)                 6352 (   6.20kB)
    Total RW  Size (RW Data + ZI Data)              1192 (   1.16kB)
    Total ROM Size (Code + RO Data + RW Data)       6424 (   6.27kB)

==============================================================================

