<html>
<body>
<pre>
<h1>µVision Build Log</h1>
<h2>Tool Versions:</h2>
IDE-Version: µVision V5.25.2.0
Copyright (C) 2018 ARM Ltd and ARM Germany GmbH. All rights reserved.
License Information: Tai Nguyen, AAA, LIC=----
 
Tool Versions:
Toolchain:       MDK-Lite  Version: 5.25.2.0
Toolchain Path:  D:\Keil_v5\ARM\ARMCC\Bin
C Compiler:      Armcc.exe V5.06 update 6 (build 750)
Assembler:       Armasm.exe V5.06 update 6 (build 750)
Linker/Locator:  ArmLink.exe V5.06 update 6 (build 750)
Library Manager: ArmAr.exe V5.06 update 6 (build 750)
Hex Converter:   FromElf.exe V5.06 update 6 (build 750)
CPU DLL:         SARMCM3.DLL V5.25.2.0
Dialog DLL:      DARMCM1.DLL V1.19.1.0
Target DLL:      STLink\ST-LINKIII-KEIL_SWO.dll V3.0.1.0
Dialog DLL:      TARMCM1.DLL V1.14.0.0
 
<h2>Project:</h2>
D:\Study\UIT\4-HK1\NCB\DoAn\nuc140\code\v5\Project\main.uvproj
Project File Date:  12/16/2018

<h2>Output:</h2>
*** Using Compiler 'V5.06 update 6 (build 750)', folder: 'D:\Keil_v5\ARM\ARMCC\Bin'
Build target 'smpl_GPIO_Interrupt'
creating preprocessor file for core_cm0.c...
creating preprocessor file for system_NUC1xx.c...
creating preprocessor file for main.c...
creating preprocessor file for DrvGPIO.c...
creating preprocessor file for DrvSYS.c...
creating preprocessor file for DrvUART.c...
compiling main.c...
main.c(97): warning:  #188-D: enumerated type mixed with another type
    DrvGPIO_SetDebounceTime(5, 1);
main.c(133): warning:  #167-D: argument of type "void (*)(void)" is incompatible with parameter of type "PFN_DRVUART_CALLBACK *"
  		DrvUART_EnableInt(UART_PORT0, DRVUART_RDAINT, UART_INT_HANDLE);
main.c: 2 warnings, 0 errors
linking...
Program Size: Code=6112 RO-data=240 RW-data=72 ZI-data=1120  
FromELF: creating hex file...
After Build - User command #1: fromelf --bin ".\obj\Smpl_GPIO_Interrupt.axf" --output ".\obj\Smpl_GPIO_Interrupt.bin"
After Build - User command #2: fromelf --text -c ".\obj\Smpl_GPIO_Interrupt.axf" --output ".\obj\Smpl_GPIO_Interrupt.txt"
".\obj\Smpl_GPIO_Interrupt.axf" - 0 Error(s), 2 Warning(s).
Build Time Elapsed:  00:00:04
</pre>
</body>
</html>
